###############################################################################
#
# IAR ELF Linker V8.50.4.261/W32 for ARM                  27/Jun/2021  03:04:22
# Copyright 2007-2020 IAR Systems AB.
#
#    Output file  =
#        \\Mac\Home\Desktop\project_asf_concept\Debug\Exe\concept.out
#    Map file     =
#        \\Mac\Home\Desktop\project_asf_concept\Debug\List\concept.map
#    Command line =
#        -f C:\Users\rob\AppData\Local\Temp\EW1022.tmp
#        (\\Mac\Home\Desktop\project_asf_concept\Debug\Obj\adc.o
#        \\Mac\Home\Desktop\project_asf_concept\Debug\Obj\init.o
#        \\Mac\Home\Desktop\project_asf_concept\Debug\Obj\main.o
#        \\Mac\Home\Desktop\project_asf_concept\Debug\Obj\pio.o
#        \\Mac\Home\Desktop\project_asf_concept\Debug\Obj\pio_config.o
#        \\Mac\Home\Desktop\project_asf_concept\Debug\Obj\pio_handler.o
#        \\Mac\Home\Desktop\project_asf_concept\Debug\Obj\pmc.o
#        \\Mac\Home\Desktop\project_asf_concept\Debug\Obj\sleep.o
#        \\Mac\Home\Desktop\project_asf_concept\Debug\Obj\spi.o
#        \\Mac\Home\Desktop\project_asf_concept\Debug\Obj\sysclk.o
#        \\Mac\Home\Desktop\project_asf_concept\Debug\Obj\system_sam3s.o
#        \\Mac\Home\Desktop\project_asf_concept\Debug\Obj\uart.o
#        --no_out_extension -o
#        \\Mac\Home\Desktop\project_asf_concept\Debug\Exe\concept.out
#        --redirect _Printf=_PrintfFullNoMb --redirect _Scanf=_ScanfFullNoMb
#        --map \\Mac\Home\Desktop\project_asf_concept\Debug\List\concept.map
#        --config "C:\Program Files (x86)\IAR Systems\Embedded Workbench
#        8.4\arm\config\linker\Microchip\sam3s2c\flash.icf" --semihosting
#        --entry __iar_program_start --vfe --text_out locale)
#
###############################################################################

*******************************************************************************
*** RUNTIME MODEL ATTRIBUTES
***

CppFlavor       = *
__SystemLibrary = DLib
__dlib_version  = 6


*******************************************************************************
*** HEAP SELECTION
***

The basic heap was selected because some modules are built with
size limitations (and not runtime checking), and --advanced_heap
was not specified.


*******************************************************************************
*** PLACEMENT SUMMARY
***

"A0":  place at address 0x40'0000 { ro section .intvec };
"P1":  place in [from 0x40'0000 to 0x41'ffff] { ro };
define block CSTACK with size = 4K, alignment = 8 { };
define block HEAP with size = 8K, alignment = 8 { };
"P2":  place in [from 0x2000'0000 to 0x2000'7fff] {
          rw, block CSTACK, block HEAP };
initialize by copy { rw };

No sections matched the following patterns:

  section .eram0  in "P3"
  section .eram1  in "P4"
  section .eram2  in "P5"
  section .eram3  in "P6"


  Section            Kind         Address    Size  Object
  -------            ----         -------    ----  ------
"A0":                                        0x40
  .intvec            ro code    0x40'0000    0x40  vector_table_M.o [4]
                              - 0x40'0040    0x40

"P1":                                       0x354
  Veneer             ro code    0x40'0040     0x8  - Linker created -
  .text              ro code    0x40'0048    0x9c  main.o [1]
  .text              ro code    0x40'00e4    0x30  pio_config.o [1]
  .text              ro code    0x40'0114    0x64  pmc.o [1]
  .text              ro code    0x40'0178    0x8e  pio.o [1]
  .text              ro code    0x40'0206    0x2e  copy_init3.o [4]
  Initializer bytes  const      0x40'0234    0x98  <for P2-1>
  .text              ro code    0x40'02cc    0x2c  iarttio.o [5]
  .text              ro code    0x40'02f8     0xc  XShttio.o [2]
  .text              ro code    0x40'0304    0x28  data_init.o [4]
  .iar.init_table    const      0x40'032c    0x14  - Linker created -
  .text              ro code    0x40'0340    0x1e  cmain.o [4]
  .text              ro code    0x40'035e     0x4  low_level_init.o [2]
  .text              ro code    0x40'0362     0x4  exit.o [2]
  .text              ro code    0x40'0366     0x2  vector_table_M.o [4]
  .text              ro code    0x40'0368     0xa  cexit.o [4]
  .text              ro code    0x40'0374    0x14  exit.o [5]
  .text              ro code    0x40'0388     0xc  cstartup_M.o [4]
  .rodata            const      0x40'0394     0x0  copy_init3.o [4]
                              - 0x40'0394   0x354

"P2", part 1 of 2:                           0x98
  P2-1                        0x2000'0000    0x98  <Init block>
    .data            inited   0x2000'0000     0x4  system_sam3s.o [1]
    .data            inited   0x2000'0004     0x8  XShttio.o [2]
    .textrw          inited   0x2000'000c    0x8c  system_sam3s.o [1]
                            - 0x2000'0098    0x98

"P2", part 2 of 2:                         0x1000
  CSTACK                      0x2000'0098  0x1000  <Block>
    CSTACK           uninit   0x2000'0098  0x1000  <Block tail>
                            - 0x2000'1098  0x1000

Unused ranges:

         From           To      Size
         ----           --      ----
    0x40'0394    0x41'ffff  0x1'fc6c
  0x2000'1098  0x2000'7fff    0x6f68


*******************************************************************************
*** INIT TABLE
***

          Address      Size
          -------      ----
Copy (__iar_copy_init3)
    1 source range, total size 0x98:
            0x40'0234  0x98
    1 destination range, total size 0x98:
          0x2000'0000  0x98



*******************************************************************************
*** MODULE SUMMARY
***

    Module            ro code  rw code  ro data  rw data
    ------            -------  -------  -------  -------
command line/config:
    ----------------------------------------------------
    Total:

\\Mac\Home\Desktop\project_asf_concept\Debug\Obj: [1]
    main.o                156
    pio.o                 142
    pio_config.o           48
    pmc.o                 100
    system_sam3s.o                 140      144        4
    ----------------------------------------------------
    Total:                446      140      144        4

dl7M_tln.a: [2]
    XShttio.o              12                 8        8
    exit.o                  4
    low_level_init.o        4
    ----------------------------------------------------
    Total:                 20                 8        8

m7M_tl.a: [3]
    ----------------------------------------------------
    Total:

rt7M_tl.a: [4]
    cexit.o                10
    cmain.o                30
    copy_init3.o           46
    cstartup_M.o           12
    data_init.o            40
    vector_table_M.o       66
    ----------------------------------------------------
    Total:                204

shb_l.a: [5]
    exit.o                 20
    iarttio.o              44
    ----------------------------------------------------
    Total:                 64

    Gaps                    2
    Linker created          8                20    4'096
--------------------------------------------------------
    Grand Total:          744      140      172    4'108


*******************************************************************************
*** ENTRY LIST
***

Entry                       Address  Size  Type      Object
-----                       -------  ----  ----      ------
.iar.init_table$$Base     0x40'032c         --   Gb  - Linker created -
.iar.init_table$$Limit    0x40'0340         --   Gb  - Linker created -
?main                     0x40'0341        Code  Gb  cmain.o [4]
CSTACK$$Base            0x2000'0098         --   Gb  - Linker created -
CSTACK$$Limit           0x2000'1098         --   Gb  - Linker created -
Region$$Table$$Base       0x40'032c         --   Gb  - Linker created -
Region$$Table$$Limit      0x40'0340         --   Gb  - Linker created -
SysTick_Config            0x40'006d  0x2e  Code  Lc  main.o [1]
SystemCoreClock         0x2000'0000   0x4  Data  Gb  system_sam3s.o [1]
SystemInit              0x2000'000d  0x64  Code  Gb  system_sam3s.o [1]
__NVIC_SetPriority        0x40'0049  0x24  Code  Lc  main.o [1]
__cmain                   0x40'0341        Code  Gb  cmain.o [4]
__exit                    0x40'0375  0x14  Code  Gb  exit.o [5]
__iar_close_ttio          0x40'02cd  0x2c  Code  Gb  iarttio.o [5]
__iar_copy_init3          0x40'0207  0x2e  Code  Gb  copy_init3.o [4]
__iar_data_init3          0x40'0305  0x28  Code  Gb  data_init.o [4]
__iar_lookup_ttioh        0x40'02f9   0x4  Code  Gb  XShttio.o [2]
__iar_program_start       0x40'0389        Code  Gb  cstartup_M.o [4]
__iar_ttio_handles      0x2000'0004   0x8  Data  Lc  XShttio.o [2]
__low_level_init          0x40'035f   0x4  Code  Gb  low_level_init.o [2]
__vector_table            0x40'0000        Data  Gb  vector_table_M.o [4]
_call_main                0x40'034d        Code  Gb  cmain.o [4]
_exit                     0x40'0369        Code  Gb  cexit.o [4]
_main                     0x40'035b        Code  Gb  cmain.o [4]
configure_io              0x40'00e5  0x30  Code  Gb  pio_config.o [1]
exit                      0x40'0363   0x4  Code  Gb  exit.o [2]
main                      0x40'009b  0x2c  Code  Gb  main.o [1]
pio_disable_interrupt     0x40'0203   0x4  Code  Gb  pio.o [1]
pio_pull_up               0x40'0179   0xc  Code  Gb  pio.o [1]
pio_set_input             0x40'0185  0x40  Code  Gb  pio.o [1]
pio_set_output            0x40'01c5  0x3e  Code  Gb  pio.o [1]
pmc_enable_periph_clk     0x40'0115  0x54  Code  Gb  pmc.o [1]


[1] = \\Mac\Home\Desktop\project_asf_concept\Debug\Obj
[2] = dl7M_tln.a
[3] = m7M_tl.a
[4] = rt7M_tl.a
[5] = shb_l.a

    744 bytes of readonly  code memory
    140 bytes of readwrite code memory
    172 bytes of readonly  data memory
  4'108 bytes of readwrite data memory

Errors: none
Warnings: none
