###############################################################################
#
# IAR ELF Linker V8.50.4.261/W32 for ARM                  23/Jun/2021  23:15:26
# Copyright 2007-2020 IAR Systems AB.
#
#    Output file  =
#        \\Mac\Home\Desktop\project_asf_concept\Debug\Exe\concept.out
#    Map file     =
#        \\Mac\Home\Desktop\project_asf_concept\Debug\List\concept.map
#    Command line =
#        -f C:\Users\rob\AppData\Local\Temp\EWD1BD.tmp
#        (\\Mac\Home\Desktop\project_asf_concept\Debug\Obj\adc.o
#        \\Mac\Home\Desktop\project_asf_concept\Debug\Obj\main.o
#        \\Mac\Home\Desktop\project_asf_concept\Debug\Obj\uart.o
#        --no_out_extension -o
#        \\Mac\Home\Desktop\project_asf_concept\Debug\Exe\concept.out
#        --redirect _Printf=_PrintfFullNoMb --redirect _Scanf=_ScanfFullNoMb
#        --map \\Mac\Home\Desktop\project_asf_concept\Debug\List\concept.map
#        --config "C:\Program Files (x86)\IAR Systems\Embedded Workbench
#        8.4\arm\config\linker\Microchip\sam3s2c\flash.icf" --semihosting
#        --entry __iar_program_start --vfe --text_out locale)
#
###############################################################################

*******************************************************************************
*** RUNTIME MODEL ATTRIBUTES
***

CppFlavor       = *
__SystemLibrary = DLib
__dlib_version  = 6


*******************************************************************************
*** HEAP SELECTION
***

The basic heap was selected because some modules are built with
size limitations (and not runtime checking), and --advanced_heap
was not specified.


*******************************************************************************
*** PLACEMENT SUMMARY
***

"A0":  place at address 0x40'0000 { ro section .intvec };
"P1":  place in [from 0x40'0000 to 0x41'ffff] { ro };
define block CSTACK with size = 4K, alignment = 8 { };
define block HEAP with size = 8K, alignment = 8 { };
"P2":  place in [from 0x2000'0000 to 0x2000'7fff] {
          rw, block CSTACK, block HEAP };
initialize by copy { rw };

No sections matched the following patterns:

  section .eram0  in "P3"
  section .eram1  in "P4"
  section .eram2  in "P5"
  section .eram3  in "P6"


  Section            Kind         Address    Size  Object
  -------            ----         -------    ----  ------
"A0":                                        0x40
  .intvec            ro code    0x40'0000    0x40  vector_table_M.o [4]
                              - 0x40'0040    0x40

"P1":                                       0x104
  .text              ro code    0x40'0040    0x2e  copy_init3.o [4]
  .text              ro code    0x40'006e     0x2  vector_table_M.o [4]
  .text              ro code    0x40'0070    0x2c  iarttio.o [5]
  .text              ro code    0x40'009c     0xc  XShttio.o [2]
  .text              ro code    0x40'00a8    0x28  data_init.o [4]
  .iar.init_table    const      0x40'00d0    0x14  - Linker created -
  .text              ro code    0x40'00e4    0x1e  cmain.o [4]
  .text              ro code    0x40'0102     0x4  low_level_init.o [2]
  .text              ro code    0x40'0106     0x4  main.o [1]
  .text              ro code    0x40'010a     0x4  exit.o [2]
  .text              ro code    0x40'0110     0xa  cexit.o [4]
  .text              ro code    0x40'011c    0x14  exit.o [5]
  .text              ro code    0x40'0130     0xc  cstartup_M.o [4]
  Initializer bytes  const      0x40'013c     0x8  <for P2-1>
  .rodata            const      0x40'0144     0x0  copy_init3.o [4]
                              - 0x40'0144   0x104

"P2", part 1 of 2:                            0x8
  P2-1                        0x2000'0000     0x8  <Init block>
    .data            inited   0x2000'0000     0x8  XShttio.o [2]
                            - 0x2000'0008     0x8

"P2", part 2 of 2:                         0x1000
  CSTACK                      0x2000'0008  0x1000  <Block>
    CSTACK           uninit   0x2000'0008  0x1000  <Block tail>
                            - 0x2000'1008  0x1000

Unused ranges:

         From           To      Size
         ----           --      ----
    0x40'0144    0x41'ffff  0x1'febc
  0x2000'1008  0x2000'7fff    0x6ff8


*******************************************************************************
*** INIT TABLE
***

          Address      Size
          -------      ----
Copy (__iar_copy_init3)
    1 source range, total size 0x8:
            0x40'013c   0x8
    1 destination range, total size 0x8:
          0x2000'0000   0x8



*******************************************************************************
*** MODULE SUMMARY
***

    Module            ro code  ro data  rw data
    ------            -------  -------  -------
command line/config:
    -------------------------------------------
    Total:

\\Mac\Home\Desktop\project_asf_concept\Debug\Obj: [1]
    main.o                  4
    -------------------------------------------
    Total:                  4

dl7M_tln.a: [2]
    XShttio.o              12        8        8
    exit.o                  4
    low_level_init.o        4
    -------------------------------------------
    Total:                 20        8        8

m7M_tl.a: [3]
    -------------------------------------------
    Total:

rt7M_tl.a: [4]
    cexit.o                10
    cmain.o                30
    copy_init3.o           46
    cstartup_M.o           12
    data_init.o            40
    vector_table_M.o       66
    -------------------------------------------
    Total:                204

shb_l.a: [5]
    exit.o                 20
    iarttio.o              44
    -------------------------------------------
    Total:                 64

    Gaps                    4
    Linker created                  20    4'096
-----------------------------------------------
    Grand Total:          296       28    4'104


*******************************************************************************
*** ENTRY LIST
***

Entry                       Address  Size  Type      Object
-----                       -------  ----  ----      ------
.iar.init_table$$Base     0x40'00d0         --   Gb  - Linker created -
.iar.init_table$$Limit    0x40'00e4         --   Gb  - Linker created -
?main                     0x40'00e5        Code  Gb  cmain.o [4]
CSTACK$$Base            0x2000'0008         --   Gb  - Linker created -
CSTACK$$Limit           0x2000'1008         --   Gb  - Linker created -
Region$$Table$$Base       0x40'00d0         --   Gb  - Linker created -
Region$$Table$$Limit      0x40'00e4         --   Gb  - Linker created -
__cmain                   0x40'00e5        Code  Gb  cmain.o [4]
__exit                    0x40'011d  0x14  Code  Gb  exit.o [5]
__iar_close_ttio          0x40'0071  0x2c  Code  Gb  iarttio.o [5]
__iar_copy_init3          0x40'0041  0x2e  Code  Gb  copy_init3.o [4]
__iar_data_init3          0x40'00a9  0x28  Code  Gb  data_init.o [4]
__iar_lookup_ttioh        0x40'009d   0x4  Code  Gb  XShttio.o [2]
__iar_program_start       0x40'0131        Code  Gb  cstartup_M.o [4]
__iar_ttio_handles      0x2000'0000   0x8  Data  Lc  XShttio.o [2]
__low_level_init          0x40'0103   0x4  Code  Gb  low_level_init.o [2]
__vector_table            0x40'0000        Data  Gb  vector_table_M.o [4]
_call_main                0x40'00f1        Code  Gb  cmain.o [4]
_exit                     0x40'0111        Code  Gb  cexit.o [4]
_main                     0x40'00ff        Code  Gb  cmain.o [4]
exit                      0x40'010b   0x4  Code  Gb  exit.o [2]
main                      0x40'0107   0x4  Code  Gb  main.o [1]


[1] = \\Mac\Home\Desktop\project_asf_concept\Debug\Obj
[2] = dl7M_tln.a
[3] = m7M_tl.a
[4] = rt7M_tl.a
[5] = shb_l.a

    296 bytes of readonly  code memory
     28 bytes of readonly  data memory
  4'104 bytes of readwrite data memory

Errors: none
Warnings: none
